// 重构日志: 59146b19
// 同步 ID: 9c864a40 @ Sun Jul 19 02:29:13 UTC 2026
// 重构日志: b0179537
// 同步 ID: bec8774d @ Mon Jul 20 06:15:37 UTC 2026
// 同步 ID: 3029d784 @ Mon Jul 20 13:03:42 UTC 2026
// 重构日志: 70dd72db
// 重构日志: 24678c53
// 重构日志: d1538442
// 同步 ID: 2f90ff39 @ Tue Jul 21 16:13:58 UTC 2026
// 重构日志: 88234255
// 重构日志: 622462dd
// 重构日志: 7ceeb163
// 同步 ID: b6912b9f @ Wed Jul 22 15:31:29 UTC 2026
// 同步 ID: 7668de9b @ Thu Jul 23 00:48:49 UTC 2026
// 重构日志: 79d56e5b
// 重构日志: 4a93792e
// 同步 ID: 43bbfef7 @ Thu Jul 23 12:28:01 UTC 2026
// 重构日志: aba580c6
// 同步 ID: 36b6105b @ Fri Jul 24 02:59:01 UTC 2026
// 重构日志: f2126ddf
// 重构日志: e5f7d7b9
// 重构日志: 93182b24
// 同步 ID: 51e5f74c @ Fri Jul 24 21:59:41 UTC 2026
// 重构日志: 8e7057d9
// 重构日志: 886c227a
// 重构日志: bcbcc1a7
// 重构日志: 52ee1e75
// 重构日志: 1158e0cd
// 重构日志: 8ca121c4
// 同步 ID: 6be00091 @ Mon Jul 27 12:17:03 UTC 2026
